// Jest Snapshot v1, https://goo.gl/fbAQLP

exports[`ContentLists/Automatic/Automatic renders properly 1`] = `
<div
  class="flex-grid flex-grid--grow flex-grid--small-1"
>
  <div
    class="flex-grid__item flex-grid__item--d-flex flex-grid__item--column"
  >
    <div
      class="subnav subnav--mid-blue-grey"
    >
      <button
        class="navbtn navbtn--left"
      >
        <i
          class="icon-th"
        />
      </button>
      <button
        class="navbtn navbtn--left navbtn--darker"
        flow="right"
        sd-tooltip="Filter"
      >
        <i
          class="icon-filter-large"
        />
      </button>
      <div
        class="dropdown undefined"
      >
        <span>
          <button
            class="dropdown__toggle navbtn navbtn--text-only dropdown-toggle"
          >
            Most shared
            <span
              class="dropdown__caret"
            />
          </button>
        </span>
        <ul
          class="dropdown__menu dropdown__menu--scrollable"
        >
          <li>
            <div
              class="dropdown__menu-label"
            />
          </li>
          <li>
            <button>
              Most shared
            </button>
          </li>
          <li>
            <button>
              Top news
            </button>
          </li>
        </ul>
      </div>
    </div>
    <div
      class="sd-column-box--3"
    >
      <div
        class="sd-filters-panel sd-filters-panel--border-right relative"
      >
        <div
          class="side-panel side-panel--transparent side-panel--shadow-right"
        >
          <div
            class="side-panel__header side-panel__header--border-b"
          >
            <span
              class="side-panel__close"
            >
              <a
                class="icn-btn"
              >
                <i
                  aria-hidden="true"
                  aria-label="close-small"
                  class="icon-close-small"
                />
              </a>
            </span>
            <h3
              class="side-panel__heading side-panel__heading--big"
            >
              Automatic List Criteria
            </h3>
          </div>
          <div
            class="side-panel__content"
          >
            <div
              class="side-panel__content-block"
            >
              <div
                class="form__row"
              >
                <div
                  class="sd-line-input sd-line-input--no-margin"
                >
                  <label
                    class="sd-line-input__label"
                  >
                    Routes
                  </label>
                  div
                </div>
              </div>
              <div
                class="form__row"
              >
                <div
                  class="sd-line-input sd-line-input--no-margin"
                >
                  <label
                    class="sd-line-input__label"
                  >
                    Author
                  </label>
                  div
                </div>
              </div>
              <div
                class="form__row form__row--flex"
              >
                <div
                  class="sd-line-input sd-line-input--no-margin"
                >
                  <label
                    class="sd-line-input__label"
                  >
                    Published date
                  </label>
                  <input
                    class="sd-line-input__input"
                    name="published_at"
                    type="date"
                    value="2019-12-28T12:09:32+01:00"
                  />
                </div>
              </div>
              <div
                class="form__row form__row--flex"
              >
                <div
                  class="sd-line-input sd-line-input--no-margin"
                >
                  <label
                    class="sd-line-input__label"
                  >
                    Published after
                  </label>
                  <input
                    class="sd-line-input__input"
                    name="published_after"
                    type="date"
                    value=""
                  />
                </div>
              </div>
              <div
                class="form__row form__row--flex"
              >
                <div
                  class="sd-line-input sd-line-input--no-margin"
                >
                  <label
                    class="sd-line-input__label"
                  >
                    Published before
                  </label>
                  <input
                    class="sd-line-input__input"
                    name="published_before"
                    type="date"
                    value=""
                  />
                </div>
              </div>
              <div
                class="dropdown "
              >
                <div
                  style="display: content;"
                >
                  <button
                    class="btn btn--small btn--primary dropdown__toggle dropdown-toggle"
                  >
                    <i
                      class="icon-plus-sign"
                    />
                    Add Metadata
                  </button>
                </div>
                <ul
                  class="dropdown__menu"
                >
                  <li>
                    <button>
                      <i
                        class=""
                      />
                      vocabulary 1
                    </button>
                  </li>
                </ul>
              </div>
            </div>
          </div>
          <div
            class="side-panel__footer side-panel__footer--button-box"
          >
            <div
              class="flex-grid flex-grid--boxed-small flex-grid--small-2"
            >
              <button
                aria-label=""
                class="btn btn--hollow"
              >
                Clear
              </button>
              <button
                aria-label=""
                class="btn btn--primary"
              >
                Update Criteria
              </button>
            </div>
          </div>
        </div>
      </div>
      <div
        class="sd-column-box__main-column relative"
      >
        <div
          class="sd-list-item-group sd-shadow--z2"
          style="flex-grow: 1;"
        >
          <div
            class="alert alert-info alert-block"
          >
            <h4>
              The list is empty
            </h4>
            <p>
              Please update filter criteria to add articles to the list.
            </p>
          </div>
        </div>
      </div>
    </div>
  </div>
</div>
`;
