// Jest Snapshot v1, https://goo.gl/fbAQLP

exports[`Output/Output renders properly 1`] = `
<div
  class="sd-page-content__content-block sd-page-content__content-block--double-sidebar"
>
  <div
    class="subnav"
  >
    <button
      class="navbtn navbtn--left navbtn--darker"
      flow="right"
      sd-tooltip="Filter"
    >
      <i
        class="icon-filter-large"
      />
    </button>
    <h3
      class="subnav__page-title sd-flex-no-grow"
    >
      Output Control
    </h3>
    <div
      class="flat-searchbar search-handler--left-border"
    >
      <div
        class="search-handler search-handler--left-border"
      >
        <label
          class="trigger-icon"
          for="search-input"
        >
          <i
            class="icon-search"
          />
        </label>
        <input
          placeholder="Search"
          type="text"
          value=""
        />
      </div>
    </div>
  </div>
  <div
    class="subnav subnav--lower-z-index"
  >
    <div
      class="subnav__content-bar"
    >
      <div
        style="margin-left: 1rem;"
      >
        <div
          class="sd-check-button__group sd-check-button__group--left"
        >
          <input
            class="visuallyhidden"
            id="id10"
            type="checkbox"
          />
          <span
            class="sd-check-button checked"
          >
            <label
              class="sd-check-button__text-label"
              for="id10"
            >
              Incoming
            </label>
          </span>
          <input
            class="visuallyhidden"
            id="id11"
            type="checkbox"
          />
          <span
            class="sd-check-button"
          >
            <label
              class="sd-check-button__text-label"
              for="id11"
            >
              Published
            </label>
          </span>
        </div>
      </div>
    </div>
    <div
      class="subnav__content-bar sd-flex-wrap ml-auto sd-padding-l--1"
    >
      <div
        class="dropdown dropdown--align-right"
        flow="left"
      >
        <span>
          <button
            class="dropdown__toggle"
          >
            Updated
            <span
              class="dropdown__caret"
            />
          </button>
        </span>
        <ul
          class="dropdown__menu dropdown--align-right"
        >
          <li>
            <button>
              Updated
            </button>
          </li>
          <li>
            <button>
              Created
            </button>
          </li>
        </ul>
      </div>
      <a
        class="icn-btn"
      >
        <i
          aria-hidden="true"
          aria-label="descending"
          class="icon-descending"
        />
      </a>
    </div>
    <div
      class="subnav__spacer subnav__spacer--no-margin"
    />
    <div
      class="subnav__content-bar sd-flex-wrap sd-padding-l--1 ui-responsive-small--d-none ui-responsive-small--d-block if-authoring--d-none"
    >
      <div
        class="sd-margin-r--1"
      >
        <span>
          Incoming:
        </span>
        <span
          class="sd-margin-l--0-5"
        >
          <span
            class="badge"
          >
            0
          </span>
        </span>
      </div>
      <div>
        <span>
          Published:
        </span>
        <span
          class="sd-margin-l--0-5"
        >
          <span
            class="badge"
          >
            0
          </span>
        </span>
      </div>
    </div>
    <div
      class="subnav__spacer subnav__spacer--no-margin"
    />
    <div
      class="subnav__content-bar sd-flex-no-shrink sd-margin-x--0"
    >
      <div
        class="dropdown dropdown--align-right"
      >
        <span>
          <button
            class="dropdown__toggle navbtn navbtn--text-only dropdown-toggle"
          >
            All Languages
            <span
              class="dropdown__caret"
            />
          </button>
        </span>
        <ul
          class="dropdown__menu dropdown__menu--scrollable"
        >
          <li>
            <button>
              All Languages
            </button>
          </li>
          <li
            class="dropdown__menu-divider"
          />
          <li>
            <button>
              Polish
            </button>
          </li>
          <li>
            <button>
              English
            </button>
          </li>
          <li>
            <button>
              German
            </button>
          </li>
        </ul>
      </div>
    </div>
  </div>
  <div
    class="sd-column-box--3"
  >
    <div
      class="sd-filters-panel sd-filters-panel--border-right"
    >
      <div
        class="side-panel side-panel--transparent side-panel--shadow-right"
      >
        <div
          class="side-panel__header side-panel__header--border-b"
        >
          <span
            class="side-panel__close"
          >
            <a
              class="icn-btn"
            >
              <i
                aria-hidden="true"
                aria-label="close-small"
                class="icon-close-small"
              />
            </a>
          </span>
          <h3
            class="side-panel__heading side-panel__heading--big"
          >
            Advanced Filter
          </h3>
        </div>
        <div
          class="side-panel__content"
        >
          <div
            class="side-panel__content-block"
          >
            <div
              class="form__row"
            >
              <div
                class="sd-line-input sd-line-input--no-margin sd-line-input--with-button"
              >
                <label
                  class="sd-line-input__label"
                >
                  Routes
                </label>
                div
              </div>
            </div>
            <div
              class="form__row"
            >
              <div
                class="sd-line-input sd-line-input--no-margin sd-line-input--with-button"
              >
                <label
                  class="sd-line-input__label"
                >
                  Authors
                </label>
                div
              </div>
            </div>
            <div
              class="form__row form__row--flex"
            >
              <div
                class="sd-line-input sd-line-input--no-margin form__row-item"
              >
                <label
                  class="sd-line-input__label"
                >
                  Published after
                </label>
                <span
                  class="p-calendar p-calendar-w-btn"
                >
                  <input
                    autocomplete="off"
                    class="p-inputtext p-component p-inputtext p-component"
                    type="text"
                    value=""
                  />
                  <button
                    class="p-button p-component p-datepicker-trigger p-calendar-button p-button-icon-only"
                    tabindex="-1"
                    type="button"
                  >
                    <span
                      class="icon-calendar p-c p-button-icon-left"
                    />
                    <span
                      class="p-button-text p-c"
                    >
                      p-btn
                    </span>
                  </button>
                </span>
              </div>
              <div
                class="form__row-item sd-line-input sd-line-input--no-margin"
              >
                <label
                  class="sd-line-input__label"
                >
                  Published before
                </label>
                <span
                  class="p-calendar p-calendar-w-btn"
                >
                  <input
                    autocomplete="off"
                    class="p-inputtext p-component p-inputtext p-component"
                    type="text"
                    value=""
                  />
                  <button
                    class="p-button p-component p-datepicker-trigger p-calendar-button p-button-icon-only"
                    tabindex="-1"
                    type="button"
                  >
                    <span
                      class="icon-calendar p-c p-button-icon-left"
                    />
                    <span
                      class="p-button-text p-c"
                    >
                      p-btn
                    </span>
                  </button>
                </span>
              </div>
            </div>
            <div
              class="form__row"
            >
              <div
                class="sd-line-input"
              >
                <label
                  class="sd-line-input__label"
                >
                  Ingest source
                </label>
                div
              </div>
            </div>
          </div>
        </div>
        <div
          class="side-panel__footer side-panel__footer--button-box"
        >
          <div
            class="flex-grid flex-grid--boxed-small flex-grid--small-2"
          >
            <button
              aria-label=""
              class="btn btn--hollow"
            >
              Clear
            </button>
            <button
              aria-label=""
              class="btn btn--primary"
            >
              Filter
            </button>
          </div>
        </div>
      </div>
    </div>
    <div
      class="sd-column-box__main-column relative"
    >
      <div
        class="sd-loader"
        style="z-index: 1;"
      />
    </div>
  </div>
</div>
`;
