// Jest Snapshot v1, https://goo.gl/fbAQLP

exports[`ContentLists/Listing renders correctly 1`] = `
<div
  class="sd-column-box__main-column relative sd-display-flex-column"
>
  <div
    class="subnav subnav--lower-z-index"
  >
    <div
      class="flat-searchbar"
    >
      <div
        class="search-handler"
      >
        <label
          class="trigger-icon"
          for="search-input"
        >
          <i
            class="icon-search"
          />
        </label>
        <input
          placeholder="Search"
          type="text"
          value=""
        />
      </div>
    </div>
    <div
      style="margin-left: 1rem;"
    >
      <div
        class="sd-check-button__group sd-check-button__group--left"
      >
        <input
          class="visuallyhidden"
          id="id10"
          type="checkbox"
        />
        <span
          class="sd-check-button checked"
        >
          <label
            class="sd-check-button__text-label"
            for="id10"
          >
            All
          </label>
        </span>
        <input
          class="visuallyhidden"
          id="id11"
          type="checkbox"
        />
        <span
          class="sd-check-button"
        >
          <label
            class="sd-check-button__text-label"
            for="id11"
          >
            Automatic
          </label>
        </span>
        <input
          class="visuallyhidden"
          id="id12"
          type="checkbox"
        />
        <span
          class="sd-check-button"
        >
          <label
            class="sd-check-button__text-label"
            for="id12"
          >
            Manual
          </label>
        </span>
      </div>
    </div>
    <div
      class="subnav__stretch-bar"
    />
    <div
      class="dropdown dropdown--align-right"
      flow="left"
    >
      <span>
        <button
          class="navbtn dropdown sd-create-btn dropdown-toggle"
          sd-tooltip="Create new list"
        >
          <i
            class="icon-plus-large"
          />
          <span
            class="circle"
          />
        </button>
      </span>
      <ul
        class="dropdown__menu dropdown--align-right"
      >
        <li>
          <div
            class="dropdown__menu-label"
          >
            Create new list
          </div>
        </li>
        <li
          class="dropdown__menu-divider"
        />
        <li>
          <button>
            Automatic List
          </button>
        </li>
        <li>
          <button>
            Manual List
          </button>
        </li>
      </ul>
    </div>
  </div>
  <div
    class="sd-display-flex-column"
  >
    <div
      class="sd-grid-list sd-grid-list--large"
    >
      <div
        class="sd-card flexGrow"
      >
        <div
          class="sd-card__header sd-card__header--padding sd-card__header--secondary-color"
        >
          <div
            class="sd-card__heading"
          >
            Most shared
          </div>
          <div
            class="sd-card__actions-group"
          >
            <button
              aria-label=""
              class="btn btn--small btn--hollow btn--ui-dark"
            >
              Edit
            </button>
            <div
              class="dropdown dropdown--align-right"
              flow="left"
            >
              <span>
                <button
                  class="dropdown__toggle icn-btn"
                >
                  <i
                    class="icon-dots-vertical"
                  />
                </button>
              </span>
              <ul
                class="dropdown__menu dropdown--align-right"
              >
                <li>
                  <button
                    title="Settings"
                  >
                    <i
                      class="icon-settings"
                    />
                    Settings
                  </button>
                </li>
                <li>
                  <button
                    title="Remove list"
                  >
                    <i
                      class="icon-trash"
                    />
                    Remove
                  </button>
                </li>
              </ul>
            </div>
          </div>
        </div>
        <div
          class="sd-card__content sd-card__content--scrollable relative"
        >
          <ul
            class="sd-card__content-list"
          >
            <div
              class="sd-card__content-list-item sd-card__content-list-item--small"
            >
              <span>
                No articles in this list
              </span>
            </div>
          </ul>
        </div>
        <div
          class="sd-card__footer sd-card__footer--spread"
        >
          <div>
            <span
              class="sd-text__info"
            >
              Last modified: 
            </span>
            <span>
              2 days ago
            </span>
          </div>
          <span
            class="label label--success label--hollow"
          >
            active
          </span>
        </div>
      </div>
      <div
        class="modal modal--double"
        data-backdrop="static"
      >
        <div
          class="modal__dialog"
        >
          <div
            class="modal__content"
          />
        </div>
      </div>
      <div
        class="sd-card flexGrow"
      >
        <div
          class="sd-card__header sd-card__header--padding"
        >
          <div
            class="sd-card__heading"
          >
            Top news
          </div>
          <div
            class="sd-card__actions-group"
          >
            <button
              aria-label=""
              class="btn btn--small btn--hollow btn--ui-dark"
            >
              Edit
            </button>
            <div
              class="dropdown dropdown--align-right"
              flow="left"
            >
              <span>
                <button
                  class="dropdown__toggle icn-btn"
                >
                  <i
                    class="icon-dots-vertical"
                  />
                </button>
              </span>
              <ul
                class="dropdown__menu dropdown--align-right"
              >
                <li>
                  <button
                    title="Settings"
                  >
                    <i
                      class="icon-settings"
                    />
                    Settings
                  </button>
                </li>
                <li>
                  <button
                    title="Remove list"
                  >
                    <i
                      class="icon-trash"
                    />
                    Remove
                  </button>
                </li>
              </ul>
            </div>
          </div>
        </div>
        <div
          class="sd-card__content sd-card__content--scrollable relative"
        >
          <ul
            class="sd-card__content-list"
          >
            <li
              class="sd-card__content-list-item sd-card__content-list-item--small"
            >
              seo test
            </li>
          </ul>
        </div>
        <div
          class="sd-card__footer sd-card__footer--spread"
        >
          <div>
            <span
              class="sd-text__info"
            >
              Last modified: 
            </span>
            <span>
              2 days ago
            </span>
          </div>
          <span
            class="label label--success label--hollow"
          >
            active
          </span>
        </div>
      </div>
      <div
        class="modal modal--double"
        data-backdrop="static"
      >
        <div
          class="modal__dialog"
        >
          <div
            class="modal__content"
          />
        </div>
      </div>
    </div>
  </div>
</div>
`;
