// Jest Snapshot v1, https://goo.gl/fbAQLP

exports[`UI/OptGroup renders correctly 1`] = `
<optgroup
  label="Custom"
  style="color: black;"
>
  <option
    value="2"
  >
    el1
  </option>
  <option
    value="3"
  >
    el2
  </option>
</optgroup>
`;
